[onlyflix.netlify.app/index.html]
[cdn.utmify.com.br/scripts/utms/latest.js]
[connect.facebook.net/en_US/fbevents.js]
[backblue.gif]
[fade.gif]
[index.html]
[cdn.utmify.com.br/scripts/pixel/pixel.js]
[onlyflix.netlify.app/css/style.min_2.css]
[onlyflix.netlify.app/css/style.min_1.css]
[onlyflix.netlify.app/css/theme.min.css]
[onlyflix.netlify.app/css/frontend-lite.min_1.css]
[onlyflix.netlify.app/css/post-6.css]
[onlyflix.netlify.app/css/elementor-icons.min.css]
[onlyflix.netlify.app/css/swiper.min.css]
[onlyflix.netlify.app/css/frontend-lite.min.css]
[onlyflix.netlify.app/css/all.min.css]
[onlyflix.netlify.app/css/v4-shims.min.css]
[onlyflix.netlify.app/css/global.css]
[onlyflix.netlify.app/css/post-119.css]
[onlyflix.netlify.app/css/style.min.css]
[onlyflix.netlify.app/css/font-awesome.min.css]
[onlyflix.netlify.app/css/fontawesome.min.css]
[onlyflix.netlify.app/js/jquery.min.js]
[onlyflix.netlify.app/js/jquery-migrate.min.js]
[onlyflix.netlify.app/js/v4-shims.min.js]
[onlyflix.netlify.app/js/api.v2.js]
[onlyflix.netlify.app/js/wp-emoji-release.min.js]
[onlyflix.netlify.app/images/dd-1.png]
[onlyflix.netlify.app/images/uttyuty.png]
[player.pandavideo.com.br/api.v2.js]
[onlyflix.netlify.app/images/86867_01.png]
[onlyflix.netlify.app/images/86867_02.png]
[onlyflix.netlify.app/images/86867_03.png]
[onlyflix.netlify.app/images/86867_04.png]
[onlyflix.netlify.app/images/86867_05.png]
[onlyflix.netlify.app/images/86867_06.png]
[onlyflix.netlify.app/images/kerolay-chaves-4-566x1024_01.png]
[onlyflix.netlify.app/images/kerolay-chaves-4-566x1024_02.png]
[onlyflix.netlify.app/images/kerolay-chaves-4-566x1024_03.png]
[onlyflix.netlify.app/images/kerolay-chaves-4-566x1024_04.png]
[onlyflix.netlify.app/images/kerolay-chaves-4-566x1024_05.png]
[onlyflix.netlify.app/images/kerolay-chaves-4-566x1024_06.png]
[onlyflix.netlify.app/images/606b42680261580004244ccf.png]
[onlyflix.netlify.app/images/Fansly_logo.svg_-1024x287.png]
[onlyflix.netlify.app/images/patreon_logo_icon_170869.png]
[onlyflix.netlify.app/images/privacy-telefone-de-contato.png]
[onlyflixpv01.netlify.app/images/2024-03-7b91fd_1f38b7e40c0846f1aea6a942ce3d6363mv2-1536x864.jpg]
[onlyflix.netlify.app/images/Design-sem-nome-19-1-1024x1024-1.png]
[onlyflix.netlify.app/images/Design-sem-nome-20-1024x1024-1.png]
[onlyflix.netlify.app/images/Design-sem-nome-21-1024x1024-1.png]
[onlyflix.netlify.app/images/trertrr.png]
[onlyflix.netlify.app/css/widget-icon-list.min.css]
[onlyflix.netlify.app/images/GDFGFGF-3.png]
[onlyflix.netlify.app/images/GDFGFGF-333.33.delayed]
[onlyflix.netlify.app/css/widget-carousel.min.css]
[onlyflix.netlify.app/images/Todos-os-perfis-liberados-2.png]
[onlyflix.netlify.app/images/gfdfgdf.png]
[onlyflix.netlify.app/images/dd-1-1-1024x238.png]
[onlyflix.netlify.app/js/automatic-links.js]
[onlyflix.netlify.app/js/hello-frontend.min.js]
[onlyflix.netlify.app/js/imagesloaded.min.js]
[onlyflix.netlify.app/js/happy-addons.min.js]
[onlyflix.netlify.app/js/webpack-pro.runtime.min.js]
[onlyflix.netlify.app/js/webpack.runtime.min.js]
[onlyflix.netlify.app/js/frontend-modules.min.js]
[onlyflix.netlify.app/js/wp-polyfill-inert.min.js]
[onlyflix.netlify.app/js/regenerator-runtime.min.js]
[onlyflix.netlify.app/js/wp-polyfill.min.js]
[onlyflix.netlify.app/js/hooks.min.js]
[onlyflix.netlify.app/js/i18n.min.js]
[onlyflix.netlify.app/js/frontend.min_1.js]
[onlyflix.netlify.app/js/waypoints.min.js]
[onlyflix.netlify.app/js/core.min.js]
[onlyflix.netlify.app/js/frontend.min.js]
[onlyflix.netlify.app/index.html]
[www.googletagmanager.com/gtm5445.html]
[onlyflix.netlify.app/js/elements-handlers.min.js]
[onlyflix.netlify.app/a.49.delayed]
[onlyflix.netlify.app/POST.4a.delayed]
[onlyflix.netlify.app/schema.org/index.html]
[onlyflix.netlify.app/b.4b.delayed]
[onlyflix.netlify.app/signals/iwl.4c.delayed]
[connect.facebook.net/en_US/fbevents.js]
[onlyflix.netlify.app/css/style.min_2.css]
[onlyflix.netlify.app/css/style.min_1.css]
[onlyflix.netlify.app/css/theme.min.css]
[onlyflix.netlify.app/css/frontend-lite.min_1.css]
[onlyflix.netlify.app/css/post-6.css]
[onlyflix.netlify.app/fonts/eicons.eot]
[onlyflix.netlify.app/fonts/eicons.woff2]
[onlyflix.netlify.app/fonts/eicons.woff]
[onlyflix.netlify.app/fonts/eicons.ttf]
[onlyflix.netlify.app/css/elementor-icons.min.css]
[onlyflix.netlify.app/css/swiper.min.css]
[onlyflix.netlify.app/css/frontend-lite.min.css]
[onlyflix.netlify.app/images/eicons.svg]
[onlyflix.netlify.app/fonts/fa-brands-400.eot]
[onlyflix.netlify.app/fonts/fa-brands-400.woff2]
[onlyflix.netlify.app/fonts/fa-brands-400.woff]
[onlyflix.netlify.app/fonts/fa-brands-400.ttf]
[onlyflix.netlify.app/images/fa-brands-400.svg]
[onlyflix.netlify.app/fonts/fa-regular-400.eot]
[onlyflix.netlify.app/fonts/fa-regular-400.woff2]
[onlyflix.netlify.app/fonts/fa-regular-400.woff]
[onlyflix.netlify.app/fonts/fa-regular-400.ttf]
[onlyflix.netlify.app/images/fa-regular-400.svg]
[onlyflix.netlify.app/fonts/fa-solid-900.eot]
[onlyflix.netlify.app/fonts/fa-solid-900.woff2]
[onlyflix.netlify.app/fonts/fa-solid-900.woff]
[onlyflix.netlify.app/fonts/fa-solid-900.ttf]
[onlyflix.netlify.app/css/all.min.css]
[onlyflix.netlify.app/css/v4-shims.min.css]
[onlyflix.netlify.app/css/global.css]
[onlyflix.netlify.app/images/fa-solid-900.svg]
[onlyflix.netlify.app/images/tterte.png]
[onlyflix.netlify.app/images/dsfdsf.png]
[onlyflix.netlify.app/css/post-119.css]
[onlyflix.netlify.app/fonts/happy-icons.woff2]
[onlyflix.netlify.app/fonts/happy-icons.woff]
[onlyflix.netlify.app/css/style.min.css]
[onlyflix.netlify.app/images/happy-icons.svg]
[onlyflix.netlify.app/fonts/fontawesome-webfont_1.eot]
[onlyflix.netlify.app/fonts/fontawesome-webfont.eot]
[onlyflix.netlify.app/fonts/fontawesome-webfont.woff2]
[onlyflix.netlify.app/fonts/fontawesome-webfont.woff]
[onlyflix.netlify.app/fonts/fontawesome-webfont.ttf]
[onlyflix.netlify.app/css/font-awesome.min.css]
[onlyflix.netlify.app/css/fontawesome.min.css]
[onlyflix.netlify.app/css/solid.min.css]
[onlyflix.netlify.app/css/widget-icon-list.min.css]
[onlyflix.netlify.app/images/GDFGFGF-333.html]
[onlyflix.netlify.app/css/widget-carousel.min.css]
[onlyflix.netlify.app/a.html]
[onlyflix.netlify.app/POST.html]
[onlyflix.netlify.app/schema.org/index.html]
[onlyflix.netlify.app/b.html]
[onlyflix.netlify.app/signals/iwl.html]
[onlyflix.netlify.app/images/eicons.svg]
[onlyflix.netlify.app/images/fa-brands-400.svg]
[onlyflix.netlify.app/images/fa-regular-400.svg]
[onlyflix.netlify.app/images/fontawesome-webfont.svg]
[onlyflix.netlify.app/images/fa-solid-900.svg]
[onlyflix.netlify.app/images/happy-icons.svg]
[onlyflix.netlify.app/images/fontawesome-webfont.svg]
